[www.mi.com/in/hdindex/openbuy/index.html]
[backblue.gif]
[fade.gif]
[index.html]
[s01.appmifile.com/css/in/openbuy/indexdf94.css]
[global.mifile.cn/webfile/globalimg/en/open/in/icon-mi4i-white.png]
[i01.appmifile.com/webfile/globalimg/in/pcfrontpage/bigtap/1.jpg]
[i01.appmifile.com/webfile/globalimg/in/pcfrontpage/bigtap/2.jpg]
[i01.appmifile.com/webfile/globalimg/in/pcfrontpage/bigtap/3.jpg]
[i01.appmifile.com/webfile/globalimg/in/pcfrontpage/bigtap/4.jpg]
[i01.appmifile.com/webfile/globalimg/in/pcfrontpage/bigtap/5.jpg]
[s01.appmifile.com/js/in/openbuy/index9184.js]
[connect.facebook.net/en_US/sdk.js]
[www.google-analytics.com/analytics.js]
[www.mi.com/in/hdindex/openbuy/index.html]
[s01.appmifile.com/stat/xmst-sg.js]
[s01.appmifile.com/css/in/openbuy/indexdf94.css]
[connect.facebook.net/en_US/sdk.js]
[www.googletagmanager.com/gtm5445.html]
[www.mi.com/in/hdindex/openbuy/ABCDEFGHIJKLMNOPQRSTUVWXYZabcdefghijklmnopqrstuvwxyz0123456789+/index.html]
[www.mi.com/in/hdindex/openbuy/^([^_/indexd41d.html]
[www.mi.com/in/hdindex/openbuy/dialog/index.html]
